[2025-11-05T12:25:28.293945+01:00] name.INFO: Se ha guardado una imagen: ARTURITO.png [] []
[2025-11-10T09:13:39.793659+01:00] name.INFO: Se ha guardado una imagen: property1.webp [] []
[2025-11-10T09:15:29.846060+01:00] name.INFO: Se ha guardado una imagen: property4.webp [] []
[2025-11-10T10:04:18.793394+01:00] name.INFO: Se ha guardado una imagen: property3.webp [] []
[2025-11-10T10:35:53.201228+01:00] name.INFO: Se ha guardado una imagen: asdffdasfadsadfs.png [] []
[2025-11-18T23:16:11.987594+01:00] name.INFO: Se ha guardado una imagen: cap.png [] []
[2025-11-18T23:16:23.318219+01:00] name.INFO: Se ha guardado una imagen: cap.png [] []
[2025-11-19T00:36:10.550510+01:00] name.INFO: Se ha guardado una imagen: Linkedin.png [] []
[2025-11-19T00:36:20.790266+01:00] name.INFO: Se ha guardado una imagen: Linkedin.png [] []
[2025-11-19T00:37:53.018636+01:00] name.INFO: Se ha guardado una imagen: Linkedin.png [] []
[2025-11-19T09:11:50.705578+01:00] name.INFO: Se ha creado el usuario: carlos [] []
[2025-11-19T09:26:30.238483+01:00] name.INFO: Se ha creado el usuario: adrian [] []
[2025-11-19T10:27:37.204295+01:00] name.INFO: Se ha guardado una imagen: miradorKutraia.PNG [] []
[2025-12-03T18:22:22.840867+01:00] name.INFO: Se ha eliminado la imagen: ARTURITO.png [] []
[2025-12-03T18:36:08.905486+01:00] name.INFO: Se ha eliminado la imagen: asdffdasfadsadfs.png [] []
[2025-12-03T18:38:31.977178+01:00] name.INFO: Se ha actualizado la imagen: property3.webp [] []
[2025-12-03T19:01:08.233323+01:00] name.INFO: Se ha guardado una imagen: barrika.PNG [] []
[2025-12-03T23:02:06.649228+01:00] name.INFO: Se ha creado el usuario: admin [] []
[2025-12-03T23:03:32.550299+01:00] name.INFO: Se ha guardado una imagen: Puerto.PNG [] []
[2025-12-03T23:13:23.858463+01:00] name.INFO: Se ha guardado una imagen: mintxiola.PNG [] []
[2025-12-03T23:13:54.597887+01:00] name.INFO: Se ha guardado una imagen: Fondo pantalla bloqueo.jpeg [] []
[2025-12-03T23:41:37.465639+01:00] name.INFO: Se ha guardado una imagen: AAAAA.png [] []
[2025-12-03T23:42:08.872726+01:00] name.INFO: Se ha guardado una imagen: Paleta de colores.png [] []
[2025-12-03T23:42:24.571497+01:00] name.INFO: Se ha actualizado la imagen: Paleta de colores.png [] []
[2025-12-03T23:42:33.792081+01:00] name.INFO: Se ha eliminado la imagen: Paleta de colores.png [] []
[2025-12-03T23:43:14.864927+01:00] name.INFO: Se ha guardado una imagen: iuiuiu.png [] []
[2025-12-04T00:52:43.069855+01:00] name.INFO: Se ha creado la exposición: expo [] []
[2025-12-04T01:11:33.901147+01:00] name.INFO: Se ha actualizado la imagen: cap.png [] []
[2025-12-04T01:15:42.076649+01:00] name.INFO: Se ha eliminado la imagen: cap.png [] []
[2025-12-04T02:14:53.960992+01:00] name.INFO: Se ha guardado una imagen: 0b.png [] []
[2025-12-04T02:49:26.140753+01:00] name.INFO: Imagen añadida a la exposición: expo [] []
[2025-12-05T19:38:22.292541+01:00] name.INFO: Imagen añadida a la exposición: expo [] []
